*———————————————————————————————*———————————————————————————————*————————*
|           ORIGINAL            |            RENAMED            | STATUS |
*———————————————————————————————*———————————————————————————————*————————*
| testdata/my-wedding/img33.dng | testdata/my-wedding/IMG33.DNG | ok     |
*———————————————————————————————*———————————————————————————————*————————*
