[{"status":"empty filename","base_dir":"","source":"original.txt","target":"","is_dir":false},{"status":"trailing periods present","base_dir":"","source":"original.txt","target":"new_file.","is_dir":false},{"status":"target exists","base_dir":"","source":"file1.txt","target":"existing_file.txt","is_dir":false},{"status":"forbidden characters present","base_dir":"","source":"original.txt","target":"new:file.txt","is_dir":false},{"status":"overwriting new path","base_dir":"","source":"file2.txt","target":"new_file.txt","is_dir":false},{"status":"filename too long","base_dir":"","source":"original.txt","target":"this_is_a_very_long_filename_that_exceeds_the_maximum_allowed_length.txt","is_dir":false},{"status":"target file is changing","base_dir":"","source":"1.txt","target":"2.txt","is_dir":false},{"status":"source not found","base_dir":"","source":"nonexistent_file.txt","target":"new_name.txt","is_dir":false}]