[{"status":"unchanged","source":"macos_update_notes_2023.txt","target":"macos_update_notes_2023.txt","base_dir":"","target_dir":"","is_dir":false},{"status":"ok","source":"file with spaces.txt","target":"file_with_underscores.txt","base_dir":"","target_dir":"","is_dir":false},{"status":"overwriting","source":"file1.txt","target":"existing_file.txt","base_dir":"","target_dir":"","is_dir":false},{"status":"ignored","source":"nonexistent_file.txt","target":"file_with_underscores.txt","base_dir":"","target_dir":"","is_dir":false}]