[{"base_dir":"","target_dir":"","source":"macos_update_notes_2023.txt","target":"macos_update_notes_2023.txt","status":"unchanged","is_dir":false},{"base_dir":"","target_dir":"","source":"file with spaces.txt","target":"file_with_underscores.txt","status":"ok","is_dir":false},{"base_dir":"","target_dir":"","source":"file1.txt","target":"existing_file.txt","status":"overwriting","is_dir":false},{"base_dir":"","target_dir":"","source":"nonexistent_file.txt","target":"file_with_underscores.txt","status":"ignored","is_dir":false}]