*———————————————————————————————————*———————————————————————————————————*———————————*
| [1;32m            ORIGINAL             [0m | [1;32m             RENAMED             [0m | [1;32m STATUS  [0m |
*———————————————————————————————————*———————————————————————————————————*———————————*
| macos_update_notes_2023.txt       | macos_update_notes_2023.txt       | unchanged |
| macos_user_guide_macos_sierra.pdf | macos_user_guide_macos_sierra.pdf | unchanged |
*———————————————————————————————————*———————————————————————————————————*———————————*
