F2 — Command-line bulk renaming tool [version v1.7.2]

Usage: FLAGS [OPTIONS] [PATHS TO FILES OR DIRECTORIES...]

F2 helps you organise your filesystem through batch renaming.
The simplest usage is to do a basic find and replace:

$ f2 -f 'Screenshot' -r 'Image'
+--------------------+---------------+--------+
|       INPUT        |    OUTPUT     | STATUS |
+--------------------+---------------+--------+
| Screenshot (1).png | Image (1).png | ok     |
| Screenshot (2).png | Image (2).png | ok     |
| Screenshot (3).png | Image (3).png | ok     |
+--------------------+---------------+--------+

For more usage examples, see: https://github.com/ayoisaiah/f2/wiki

Use f2 --help to see the full list of options.