F2 — Command-line bulk renaming tool [version v1.7.2]

Usage: FLAGS [OPTIONS] [PATHS TO FILES OR DIRECTORIES...]
or: f2 FIND [REPLACE] [PATHS TO FILES OR DIRECTORIES...]

F2 helps you organise your filesystem through batch renaming.
The simplest usage is to do a basic find and replace:

$ f2 Screenshot Image
+--------------------+---------------+--------+
|       INPUT        |    OUTPUT     | STATUS |
+--------------------+---------------+--------+
| Screenshot (1).png | Image (1).png | ok     |
| Screenshot (2).png | Image (2).png | ok     |
| Screenshot (3).png | Image (3).png | ok     |
+--------------------+---------------+--------+

The first argument is the find string, while the second is the
replacement string. Any other arguments are interpreted as paths
to files or directories where the renaming operation should take 
place. The current directory is used by default.

F2 supports many command-line options. Use the --help flag to examine
the full list. For extensive usage examples, visit the project wiki:
https://github.com/ayoisaiah/f2/wiki